n/Jungleanimals49.jpeg
n/Jungleanimals48.jpeg
n/Jungleanimals47.jpeg
n/Jungleanimals46.jpeg
n/Jungleanimals45.jpeg
n/Jungleanimals44.jpeg
n/Jungleanimals43.jpeg
n/Jungleanimals42.jpeg
n/Jungleanimals41.jpeg
n/Jungleanimals40.jpeg
n/Jungleanimals39.jpeg
n/Jungleanimals38.jpeg
n/Jungleanimals37.jpeg
n/Jungleanimals36.jpeg
n/Jungleanimals35.jpeg
n/Jungleanimals34.jpeg
n/Jungleanimals33.jpeg
n/Jungleanimals32.jpeg
n/Jungleanimals31.jpeg
n/Jungleanimals30.jpeg
n/Jungleanimals29.jpeg
n/Jungleanimals28.jpeg
n/Jungleanimals27.jpeg
n/Jungleanimals26.jpeg
n/Jungleanimals25.jpeg
n/Jungleanimals24.jpeg
n/Jungleanimals23.jpeg
n/Jungleanimals22.jpeg
n/Jungleanimals21.jpeg
n/Jungleanimals20.jpeg
n/Jungleanimals19.jpeg
n/Jungleanimals18.jpeg
n/Jungleanimals17.jpeg
n/Jungleanimals16.jpeg
n/Jungleanimals15.jpeg
n/Jungleanimals14.jpeg
n/Jungleanimals13.jpeg
n/Jungleanimals12.jpeg
n/Jungleanimals11.png
n/Jungleanimals10.jpeg
n/Jungleanimals4.jpeg
n/Jungleanimals3.jpeg
n/Jungleanimals2.jpeg
n/Jungleanimals0.jpeg
n/Animalsinjungles49.jpeg
n/Animalsinjungles48.jpeg
n/Animalsinjungles47.jpeg
n/Animalsinjungles46.jpeg
n/Animalsinjungles45.jpeg
n/Animalsinjungles44.jpeg
n/Animalsinjungles43.jpeg
n/Animalsinjungles42.jpeg
n/Animalsinjungles41.jpeg
n/Animalsinjungles40.jpeg
n/Animalsinjungles39.jpeg
n/Animalsinjungles38.jpeg
n/Animalsinjungles37.jpeg
n/Animalsinjungles36.jpeg
n/Animalsinjungles35.jpeg
n/Animalsinjungles34.jpeg
n/Animalsinjungles33.jpeg
n/Animalsinjungles32.jpeg
n/Animalsinjungles31.jpeg
n/Animalsinjungles30.jpeg
n/Animalsinjungles29.jpeg
n/Animalsinjungles28.jpeg
n/Animalsinjungles27.jpeg
n/Animalsinjungles26.jpeg
n/Animalsinjungles25.jpeg
n/Animalsinjungles24.jpeg
n/Animalsinjungles23.jpeg
n/Animalsinjungles22.jpeg
n/Animalsinjungles21.jpeg
n/Animalsinjungles20.jpeg
n/Animalsinjungles19.jpeg
n/Animalsinjungles18.jpeg
n/Animalsinjungles17.jpeg
n/Animalsinjungles16.jpeg
n/Animalsinjungles15.jpeg
n/Animalsinjungles14.jpeg
n/Animalsinjungles13.jpeg
n/Animalsinjungles12.jpeg
n/Animalsinjungles11.jpeg
n/Animalsinjungles10.jpeg
n/Animalsinjungles9.jpeg
n/Animalsinjungles8.jpeg
n/Animalsinjungles7.jpeg
n/Animalsinjungles6.jpeg
n/Animalsinjungles5.jpeg
n/Animalsinjungles4.jpeg
n/Animalsinjungles3.jpeg
n/Animalsinjungles1.jpeg
n/Animalsinjungles0.jpeg
n/vehiclesonjungleroads48.jpeg
n/vehiclesonjungleroads47.jpeg
n/vehiclesonjungleroads46.jpeg
n/vehiclesonjungleroads45.jpeg
n/vehiclesonjungleroads43.jpeg
n/vehiclesonjungleroads42.jpeg
n/vehiclesonjungleroads41.jpeg
n/vehiclesonjungleroads40.jpeg
n/vehiclesonjungleroads39.jpeg
n/vehiclesonjungleroads38.jpeg
n/vehiclesonjungleroads36.jpeg
n/vehiclesonjungleroads35.jpeg
n/vehiclesonjungleroads34.jpeg
n/vehiclesonjungleroads33.jpeg
n/vehiclesonjungleroads32.jpeg
n/vehiclesonjungleroads31.jpeg
n/vehiclesonjungleroads30.jpeg
n/vehiclesonjungleroads29.jpeg
n/vehiclesonjungleroads28.jpeg
n/vehiclesonjungleroads27.jpeg
n/vehiclesonjungleroads26.jpeg
n/vehiclesonjungleroads25.jpeg
n/vehiclesonjungleroads23.jpeg
n/vehiclesonjungleroads22.jpeg
n/vehiclesonjungleroads21.jpeg
n/vehiclesonjungleroads19.jpeg
n/vehiclesonjungleroads18.jpeg
n/vehiclesonjungleroads17.jpeg
n/vehiclesonjungleroads16.jpeg
n/vehiclesonjungleroads15.jpeg
n/vehiclesonjungleroads14.jpeg
n/vehiclesonjungleroads13.jpeg
n/vehiclesonjungleroads12.jpeg
n/vehiclesonjungleroads10.jpeg
n/vehiclesonjungleroads9.jpeg
n/vehiclesonjungleroads6.jpeg
n/vehiclesonjungleroads4.jpeg
n/vehiclesonjungleroads3.jpeg
n/vehiclesonjungleroads2.jpeg
n/vehiclesonjungleroads1.jpeg
n/vehiclesonjungleroads0.jpeg
n/junglepaths49.jpeg
n/junglepaths48.jpeg
n/junglepaths45.jpeg
n/junglepaths43.jpeg
n/junglepaths42.jpeg
n/junglepaths38.jpeg
n/junglepaths37.jpeg
n/junglepaths36.jpeg
n/junglepaths35.jpeg
n/junglepaths34.jpeg
n/junglepaths33.jpeg
n/junglepaths32.jpeg
n/junglepaths31.jpeg
n/junglepaths30.jpeg
n/junglepaths28.jpeg
n/junglepaths27.jpeg
n/junglepaths26.jpeg
n/junglepaths24.jpeg
n/junglepaths23.jpeg
n/junglepaths22.jpeg
n/junglepaths21.jpeg
n/junglepaths20.jpeg
n/junglepaths19.jpeg
n/junglepaths18.jpeg
n/junglepaths17.jpeg
n/junglepaths15.jpeg
n/junglepaths14.jpeg
n/junglepaths13.jpeg
n/junglepaths12.jpeg
n/junglepaths11.jpeg
n/junglepaths10.jpeg
n/junglepaths9.jpeg
n/junglepaths6.jpeg
n/junglepaths4.jpeg
n/trucksinjungles49.jpeg
n/trucksinjungles48.jpeg
n/trucksinjungles47.jpeg
n/trucksinjungles46.jpeg
n/trucksinjungles44.jpeg
n/trucksinjungles43.jpeg
n/trucksinjungles42.jpeg
n/trucksinjungles41.jpeg
n/trucksinjungles39.jpeg
n/trucksinjungles29.jpeg
n/trucksinjungles28.jpeg
n/trucksinjungles26.jpeg
n/trucksinjungles25.jpeg
n/trucksinjungles24.jpeg
n/trucksinjungles22.jpeg
n/trucksinjungles15.jpeg
n/trucksinjungles13.jpeg
n/trucksinjungles11.jpeg
n/trucksinjungles10.jpeg
n/trucksinjungles6.jpeg
n/trucksinjungles4.jpeg
n/trucksinjungles3.jpeg
n/trucksinjungles2.jpeg
n/trucksinjungles0.jpeg
n/realjungleroads49.jpeg
n/realjungleroads48.jpeg
n/realjungleroads47.jpeg
n/realjungleroads46.jpeg
n/realjungleroads45.jpeg
n/realjungleroads44.jpeg
n/realjungleroads43.jpeg
n/realjungleroads42.jpeg
n/realjungleroads41.jpeg
n/realjungleroads40.jpeg
n/realjungleroads39.jpeg
n/realjungleroads38.jpeg
n/realjungleroads37.jpeg
n/realjungleroads36.jpeg
n/realjungleroads35.jpeg
n/realjungleroads34.jpeg
n/realjungleroads33.jpeg
n/realjungleroads32.jpeg
n/realjungleroads31.jpeg
n/realjungleroads30.jpeg
n/realjungleroads29.jpeg
n/realjungleroads28.jpeg
n/realjungleroads27.jpeg
n/realjungleroads26.jpeg
n/realjungleroads25.jpeg
n/realjungleroads24.jpeg
n/realjungleroads23.jpeg
n/realjungleroads22.jpeg
n/realjungleroads21.jpeg
n/realjungleroads20.jpeg
n/realjungleroads19.jpeg
n/realjungleroads18.jpeg
n/realjungleroads17.jpeg
n/realjungleroads15.jpeg
n/realjungleroads14.png
n/realjungleroads9.jpeg
n/realjungleroads8.jpeg
n/realjungleroads7.jpeg
n/realjungleroads6.jpeg
n/realjungleroads5.jpeg
n/realjungleroads4.jpeg
n/realjungleroads3.jpeg
n/realjungleroads2.jpeg
n/jungleinsideview47.jpeg
n/jungleinsideview45.jpeg
n/jungleinsideview44.jpeg
n/jungleinsideview43.jpeg
n/jungleinsideview42.jpeg
n/jungleinsideview41.jpeg
n/jungleinsideview34.jpeg
n/jungleinsideview33.jpeg
n/jungleinsideview30.jpeg
n/jungleinsideview26.jpeg
n/jungleinsideview21.jpeg